GowinSynthesis start
Running parser ...
Analyzing Verilog file '/home/ivan/Ivan_Work_PrecisionTower/gowin/hdmi/src/dvi_tx/dvi_tx.v'
Analyzing Verilog file '/home/ivan/Ivan_Work_PrecisionTower/gowin/hdmi/src/gowin_rpll/TMDS_rPLL.v'
Analyzing Verilog file '/home/ivan/Ivan_Work_PrecisionTower/gowin/hdmi/src/key_led_ctrl.v'
Analyzing Verilog file '/home/ivan/Ivan_Work_PrecisionTower/gowin/hdmi/src/testpattern.v'
Analyzing Verilog file '/home/ivan/Ivan_Work_PrecisionTower/gowin/hdmi/src/video_top.v'
Undeclared symbol 'I_rst_n', assumed default net type 'wire'("/home/ivan/Ivan_Work_PrecisionTower/gowin/hdmi/src/video_top.v":38)
WARN  (EX3628) : Redeclaration of ANSI port 'running' is not allowed("/home/ivan/Ivan_Work_PrecisionTower/gowin/hdmi/src/video_top.v":43)
WARN  (EX3638) : 'I_rst_n' is already implicitly declared on line 38("/home/ivan/Ivan_Work_PrecisionTower/gowin/hdmi/src/video_top.v":44)
WARN  (EX2830) : Data object 'KEY_sync' is already declared("/home/ivan/Ivan_Work_PrecisionTower/gowin/hdmi/src/video_top.v":47)
Previous declaration of 'KEY_sync' is from here("/home/ivan/Ivan_Work_PrecisionTower/gowin/hdmi/src/video_top.v":40)
WARN  (EX3671) : Second declaration of 'KEY_sync' is ignored("/home/ivan/Ivan_Work_PrecisionTower/gowin/hdmi/src/video_top.v":47)
Analyzing Verilog file '/home/ivan/Ivan_Work_PrecisionTower/gowin/hdmi/src/fdtd_tmz_hdmi.v'
WARN  (EX3073) : Port 'LED' remains unconnected for this instance("/home/ivan/Ivan_Work_PrecisionTower/gowin/hdmi/src/video_top.v":122)
Compiling module 'video_top'("/home/ivan/Ivan_Work_PrecisionTower/gowin/hdmi/src/video_top.v":24)
Compiling module 'fdtd_tmz'("/home/ivan/Ivan_Work_PrecisionTower/gowin/hdmi/src/fdtd_tmz_hdmi.v":3)
Extracting RAM for identifier 'Ez_mem'("/home/ivan/Ivan_Work_PrecisionTower/gowin/hdmi/src/fdtd_tmz_hdmi.v":36)
Extracting RAM for identifier 'Hx_mem'("/home/ivan/Ivan_Work_PrecisionTower/gowin/hdmi/src/fdtd_tmz_hdmi.v":39)
Extracting RAM for identifier 'Hy_mem'("/home/ivan/Ivan_Work_PrecisionTower/gowin/hdmi/src/fdtd_tmz_hdmi.v":42)
WARN  (EX3791) : Expression size 7 truncated to fit in target size 6("/home/ivan/Ivan_Work_PrecisionTower/gowin/hdmi/src/fdtd_tmz_hdmi.v":136)
WARN  (EX3791) : Expression size 7 truncated to fit in target size 6("/home/ivan/Ivan_Work_PrecisionTower/gowin/hdmi/src/fdtd_tmz_hdmi.v":138)
WARN  (EX3791) : Expression size 32 truncated to fit in target size 16("/home/ivan/Ivan_Work_PrecisionTower/gowin/hdmi/src/fdtd_tmz_hdmi.v":232)
WARN  (EX3791) : Expression size 32 truncated to fit in target size 16("/home/ivan/Ivan_Work_PrecisionTower/gowin/hdmi/src/fdtd_tmz_hdmi.v":233)
WARN  (EX3791) : Expression size 32 truncated to fit in target size 16("/home/ivan/Ivan_Work_PrecisionTower/gowin/hdmi/src/fdtd_tmz_hdmi.v":272)
Compiling module 'testpattern'("/home/ivan/Ivan_Work_PrecisionTower/gowin/hdmi/src/testpattern.v":6)
WARN  (EX3791) : Expression size 12 truncated to fit in target size 6("/home/ivan/Ivan_Work_PrecisionTower/gowin/hdmi/src/testpattern.v":222)
WARN  (EX3791) : Expression size 12 truncated to fit in target size 6("/home/ivan/Ivan_Work_PrecisionTower/gowin/hdmi/src/testpattern.v":223)
WARN  (EX3791) : Expression size 16 truncated to fit in target size 8("/home/ivan/Ivan_Work_PrecisionTower/gowin/hdmi/src/testpattern.v":243)
Compiling module 'TMDS_rPLL'("/home/ivan/Ivan_Work_PrecisionTower/gowin/hdmi/src/gowin_rpll/TMDS_rPLL.v":9)
Compiling module 'DVI_TX_Top'("/home/ivan/Ivan_Work_PrecisionTower/gowin/hdmi/src/dvi_tx/dvi_tx.v":1072)
Compiling module '**'("/home/ivan/Ivan_Work_PrecisionTower/gowin/hdmi/src/dvi_tx/dvi_tx.v":1071)
Compiling module 'key_led_ctrl'("/home/ivan/Ivan_Work_PrecisionTower/gowin/hdmi/src/key_led_ctrl.v":1)
WARN  (EX3791) : Expression size 4 truncated to fit in target size 3("/home/ivan/Ivan_Work_PrecisionTower/gowin/hdmi/src/key_led_ctrl.v":38)
WARN  (EX3791) : Expression size 32 truncated to fit in target size 3("/home/ivan/Ivan_Work_PrecisionTower/gowin/hdmi/src/key_led_ctrl.v":48)
WARN  (EX3791) : Expression size 32 truncated to fit in target size 5("/home/ivan/Ivan_Work_PrecisionTower/gowin/hdmi/src/key_led_ctrl.v":65)
NOTE  (EX0101) : Current top module is "video_top"
[5%] Running netlist conversion ...
Running device independent optimization ...
[10%] Optimizing Phase 0 completed
[15%] Optimizing Phase 1 completed
[25%] Optimizing Phase 2 completed
Running inference ...
[30%] Inferring Phase 0 completed
[40%] Inferring Phase 1 completed
[50%] Inferring Phase 2 completed
[55%] Inferring Phase 3 completed
Running technical mapping ...
[60%] Tech-Mapping Phase 0 completed
[65%] Tech-Mapping Phase 1 completed
[75%] Tech-Mapping Phase 2 completed
[80%] Tech-Mapping Phase 3 completed
[90%] Tech-Mapping Phase 4 completed
[95%] Generate netlist file "/home/ivan/Ivan_Work_PrecisionTower/gowin/hdmi/impl/gwsynthesis/hdmi.vg" completed
[100%] Generate report file "/home/ivan/Ivan_Work_PrecisionTower/gowin/hdmi/impl/gwsynthesis/hdmi_syn.rpt.html" completed
GowinSynthesis finish
